/home/bingxing2/home/scx9951/Main_clip/src/clip/clip.py:6: UserWarning: pkg_resources is deprecated as an API. See https://setuptools.pypa.io/en/latest/pkg_resources.html. The pkg_resources package is slated for removal as early as 2025-11-30. Refrain from using this package or pin to Setuptools<81.
  from pkg_resources import packaging
[rank: 0] Seed set to 42
/home/bingxing2/home/scx9951/.conda/envs/py39_env/lib/python3.9/site-packages/torch/utils/data/dataloader.py:557: UserWarning: This DataLoader will create 32 worker processes in total. Our suggested max number of worker in current system is 4, which is smaller than what this DataLoader is going to create. Please be aware that excessive worker creation might get DataLoader running slow or even freeze, lower the worker number to avoid potential slowness/freeze if necessary.
  warnings.warn(_create_warning_msg(
/home/bingxing2/home/scx9951/.conda/envs/py39_env/lib/python3.9/site-packages/lightning_fabric/plugins/environments/slurm.py:204: The `srun` command is available on your system but is not used. HINT: If your intention is to run Lightning on SLURM, prepend your python command with `srun` like so: srun python /home/bingxing2/home/scx9951/Main_clip/experiments/t ...
Using bfloat16 Automatic Mixed Precision (AMP)
GPU available: True (cuda), used: True
TPU available: False, using: 0 TPU cores
Traceback (most recent call last):
  File "/home/bingxing2/home/scx9951/.conda/envs/py39_env/lib/python3.9/runpy.py", line 197, in _run_module_as_main
    return _run_code(code, main_globals, None,
  File "/home/bingxing2/home/scx9951/.conda/envs/py39_env/lib/python3.9/runpy.py", line 87, in _run_code
    exec(code, run_globals)
  File "/home/bingxing2/home/scx9951/Main_clip/experiments/train_pretrain.py", line 94, in <module>
    trainer.fit(model, train_loader, ckpt_path=ckpt_path)
  File "/home/bingxing2/home/scx9951/.conda/envs/py39_env/lib/python3.9/site-packages/pytorch_lightning/trainer/trainer.py", line 584, in fit
    call._call_and_handle_interrupt(
  File "/home/bingxing2/home/scx9951/.conda/envs/py39_env/lib/python3.9/site-packages/pytorch_lightning/trainer/call.py", line 49, in _call_and_handle_interrupt
    return trainer_fn(*args, **kwargs)
  File "/home/bingxing2/home/scx9951/.conda/envs/py39_env/lib/python3.9/site-packages/pytorch_lightning/trainer/trainer.py", line 630, in _fit_impl
    self._run(model, ckpt_path=ckpt_path, weights_only=weights_only)
  File "/home/bingxing2/home/scx9951/.conda/envs/py39_env/lib/python3.9/site-packages/pytorch_lightning/trainer/trainer.py", line 1033, in _run
    self.strategy.setup_environment()
  File "/home/bingxing2/home/scx9951/.conda/envs/py39_env/lib/python3.9/site-packages/pytorch_lightning/strategies/strategy.py", line 129, in setup_environment
    self.accelerator.setup_device(self.root_device)
  File "/home/bingxing2/home/scx9951/.conda/envs/py39_env/lib/python3.9/site-packages/pytorch_lightning/accelerators/cuda.py", line 46, in setup_device
    _check_cuda_matmul_precision(device)
  File "/home/bingxing2/home/scx9951/.conda/envs/py39_env/lib/python3.9/site-packages/lightning_fabric/accelerators/cuda.py", line 166, in _check_cuda_matmul_precision
    if not torch.cuda.is_available() or not _is_ampere_or_later(device):
  File "/home/bingxing2/home/scx9951/.conda/envs/py39_env/lib/python3.9/site-packages/lightning_fabric/accelerators/cuda.py", line 160, in _is_ampere_or_later
    major, _ = torch.cuda.get_device_capability(device)
  File "/home/bingxing2/home/scx9951/.conda/envs/py39_env/lib/python3.9/site-packages/torch/cuda/__init__.py", line 451, in get_device_capability
    prop = get_device_properties(device)
  File "/home/bingxing2/home/scx9951/.conda/envs/py39_env/lib/python3.9/site-packages/torch/cuda/__init__.py", line 465, in get_device_properties
    _lazy_init()  # will define _get_device_properties
  File "/home/bingxing2/home/scx9951/.conda/envs/py39_env/lib/python3.9/site-packages/torch/cuda/__init__.py", line 314, in _lazy_init
    torch._C._cuda_init()
RuntimeError: The NVIDIA driver on your system is too old (found version 11060). Please update your GPU driver by downloading and installing a new version from the URL: http://www.nvidia.com/Download/index.aspx Alternatively, go to: https://pytorch.org to install a PyTorch version that has been compiled with your version of the CUDA driver.
